a: int #
b: int #
c, d, e, f: ? #
w: bool #
x, y: ? #